
> svelte-audio-ui@0.0.1 check
> svelte-kit sync && svelte-check --tsconfig ./tsconfig.json

Loading svelte-check in workspace: c:\Users\ddtamn\Documents\DDT\SOFTWARE DEVELOP\svelte-audio-ui
Getting Svelte diagnostics...

c:\Users\ddtamn\Documents\DDT\SOFTWARE DEVELOP\svelte-audio-ui\[32msrc\lib\registry\ui\audio\elements\fader\fader.svelte[39m:41:7
[33mWarn[39m: This reference only captures the initial value of `isVertical`. Did you mean to reference it inside a closure instead?
https://svelte.dev/e/state_referenced_locally (svelte)
[36m	const trackSize: Record<Size, string> = {
		sm: [35misVertical[36m ? "w-2" : "h-2",
		default: isVertical ? "w-3" : "h-3",[39m

c:\Users\ddtamn\Documents\DDT\SOFTWARE DEVELOP\svelte-audio-ui\[32msrc\lib\registry\ui\audio\elements\fader\fader.svelte[39m:42:12
[33mWarn[39m: This reference only captures the initial value of `isVertical`. Did you mean to reference it inside a closure instead?
https://svelte.dev/e/state_referenced_locally (svelte)
[36m		sm: isVertical ? "w-2" : "h-2",
		default: [35misVertical[36m ? "w-3" : "h-3",
		lg: isVertical ? "w-4" : "h-4",[39m

c:\Users\ddtamn\Documents\DDT\SOFTWARE DEVELOP\svelte-audio-ui\[32msrc\lib\registry\ui\audio\elements\fader\fader.svelte[39m:43:7
[33mWarn[39m: This reference only captures the initial value of `isVertical`. Did you mean to reference it inside a closure instead?
https://svelte.dev/e/state_referenced_locally (svelte)
[36m		default: isVertical ? "w-3" : "h-3",
		lg: [35misVertical[36m ? "w-4" : "h-4",
	};[39m

c:\Users\ddtamn\Documents\DDT\SOFTWARE DEVELOP\svelte-audio-ui\[32msrc\lib\registry\ui\audio\elements\fader\fader.svelte[39m:48:7
[33mWarn[39m: This reference only captures the initial value of `isVertical`. Did you mean to reference it inside a closure instead?
https://svelte.dev/e/state_referenced_locally (svelte)
[36m	const thumbW: Record<Size, string> = {
		sm: [35misVertical[36m ? "w-7" : "w-4",
		default: isVertical ? "w-9" : "w-5",[39m

c:\Users\ddtamn\Documents\DDT\SOFTWARE DEVELOP\svelte-audio-ui\[32msrc\lib\registry\ui\audio\elements\fader\fader.svelte[39m:49:12
[33mWarn[39m: This reference only captures the initial value of `isVertical`. Did you mean to reference it inside a closure instead?
https://svelte.dev/e/state_referenced_locally (svelte)
[36m		sm: isVertical ? "w-7" : "w-4",
		default: [35misVertical[36m ? "w-9" : "w-5",
		lg: isVertical ? "w-11" : "w-6",[39m

c:\Users\ddtamn\Documents\DDT\SOFTWARE DEVELOP\svelte-audio-ui\[32msrc\lib\registry\ui\audio\elements\fader\fader.svelte[39m:50:7
[33mWarn[39m: This reference only captures the initial value of `isVertical`. Did you mean to reference it inside a closure instead?
https://svelte.dev/e/state_referenced_locally (svelte)
[36m		default: isVertical ? "w-9" : "w-5",
		lg: [35misVertical[36m ? "w-11" : "w-6",
	};[39m

c:\Users\ddtamn\Documents\DDT\SOFTWARE DEVELOP\svelte-audio-ui\[32msrc\lib\registry\ui\audio\elements\fader\fader.svelte[39m:53:7
[33mWarn[39m: This reference only captures the initial value of `isVertical`. Did you mean to reference it inside a closure instead?
https://svelte.dev/e/state_referenced_locally (svelte)
[36m	const thumbH: Record<Size, string> = {
		sm: [35misVertical[36m ? "h-4" : "h-7",
		default: isVertical ? "h-5" : "h-9",[39m

c:\Users\ddtamn\Documents\DDT\SOFTWARE DEVELOP\svelte-audio-ui\[32msrc\lib\registry\ui\audio\elements\fader\fader.svelte[39m:54:12
[33mWarn[39m: This reference only captures the initial value of `isVertical`. Did you mean to reference it inside a closure instead?
https://svelte.dev/e/state_referenced_locally (svelte)
[36m		sm: isVertical ? "h-4" : "h-7",
		default: [35misVertical[36m ? "h-5" : "h-9",
		lg: isVertical ? "h-6" : "h-11",[39m

c:\Users\ddtamn\Documents\DDT\SOFTWARE DEVELOP\svelte-audio-ui\[32msrc\lib\registry\ui\audio\elements\fader\fader.svelte[39m:55:7
[33mWarn[39m: This reference only captures the initial value of `isVertical`. Did you mean to reference it inside a closure instead?
https://svelte.dev/e/state_referenced_locally (svelte)
[36m		default: isVertical ? "h-5" : "h-9",
		lg: [35misVertical[36m ? "h-6" : "h-11",
	};[39m

c:\Users\ddtamn\Documents\DDT\SOFTWARE DEVELOP\svelte-audio-ui\[32msrc\lib\registry\ui\audio\elements\fader\fader.svelte[39m:60:7
[33mWarn[39m: This reference only captures the initial value of `isVertical`. Did you mean to reference it inside a closure instead?
https://svelte.dev/e/state_referenced_locally (svelte)
[36m	const markW: Record<Size, string> = {
		sm: [35misVertical[36m ? "w-3" : "w-px",
		default: isVertical ? "w-4" : "w-px",[39m

c:\Users\ddtamn\Documents\DDT\SOFTWARE DEVELOP\svelte-audio-ui\[32msrc\lib\registry\ui\audio\elements\fader\fader.svelte[39m:61:12
[33mWarn[39m: This reference only captures the initial value of `isVertical`. Did you mean to reference it inside a closure instead?
https://svelte.dev/e/state_referenced_locally (svelte)
[36m		sm: isVertical ? "w-3" : "w-px",
		default: [35misVertical[36m ? "w-4" : "w-px",
		lg: isVertical ? "w-5" : "w-px",[39m

c:\Users\ddtamn\Documents\DDT\SOFTWARE DEVELOP\svelte-audio-ui\[32msrc\lib\registry\ui\audio\elements\fader\fader.svelte[39m:62:7
[33mWarn[39m: This reference only captures the initial value of `isVertical`. Did you mean to reference it inside a closure instead?
https://svelte.dev/e/state_referenced_locally (svelte)
[36m		default: isVertical ? "w-4" : "w-px",
		lg: [35misVertical[36m ? "w-5" : "w-px",
	};[39m

c:\Users\ddtamn\Documents\DDT\SOFTWARE DEVELOP\svelte-audio-ui\[32msrc\lib\registry\ui\audio\elements\fader\fader.svelte[39m:65:7
[33mWarn[39m: This reference only captures the initial value of `isVertical`. Did you mean to reference it inside a closure instead?
https://svelte.dev/e/state_referenced_locally (svelte)
[36m	const markH: Record<Size, string> = {
		sm: [35misVertical[36m ? "h-px" : "h-3",
		default: isVertical ? "h-px" : "h-4",[39m

c:\Users\ddtamn\Documents\DDT\SOFTWARE DEVELOP\svelte-audio-ui\[32msrc\lib\registry\ui\audio\elements\fader\fader.svelte[39m:66:12
[33mWarn[39m: This reference only captures the initial value of `isVertical`. Did you mean to reference it inside a closure instead?
https://svelte.dev/e/state_referenced_locally (svelte)
[36m		sm: isVertical ? "h-px" : "h-3",
		default: [35misVertical[36m ? "h-px" : "h-4",
		lg: isVertical ? "h-px" : "h-5",[39m

c:\Users\ddtamn\Documents\DDT\SOFTWARE DEVELOP\svelte-audio-ui\[32msrc\lib\registry\ui\audio\elements\fader\fader.svelte[39m:67:7
[33mWarn[39m: This reference only captures the initial value of `isVertical`. Did you mean to reference it inside a closure instead?
https://svelte.dev/e/state_referenced_locally (svelte)
[36m		default: isVertical ? "h-px" : "h-4",
		lg: [35misVertical[36m ? "h-px" : "h-5",
	};[39m

c:\Users\ddtamn\Documents\DDT\SOFTWARE DEVELOP\svelte-audio-ui\[32msrc\lib\registry\ui\audio\elements\slider\slider.svelte[39m:48:17
[33mWarn[39m: This reference only captures the initial value of `value`. Did you mean to reference it inside a derived instead?
https://svelte.dev/e/state_referenced_locally (svelte)
[36m	let internalValue: number[] = $state(
		Array.isArray([35mvalue[36m) ? [...value] : Array.isArray(defaultValue) ? [...defaultValue] : [min]
	);[39m

c:\Users\ddtamn\Documents\DDT\SOFTWARE DEVELOP\svelte-audio-ui\[32msrc\lib\registry\ui\audio\elements\slider\slider.svelte[39m:48:30
[33mWarn[39m: This reference only captures the initial value of `value`. Did you mean to reference it inside a derived instead?
https://svelte.dev/e/state_referenced_locally (svelte)
[36m	let internalValue: number[] = $state(
		Array.isArray(value) ? [...[35mvalue[36m] : Array.isArray(defaultValue) ? [...defaultValue] : [min]
	);[39m

c:\Users\ddtamn\Documents\DDT\SOFTWARE DEVELOP\svelte-audio-ui\[32msrc\lib\registry\ui\audio\elements\slider\slider.svelte[39m:48:53
[33mWarn[39m: This reference only captures the initial value of `defaultValue`. Did you mean to reference it inside a derived instead?
https://svelte.dev/e/state_referenced_locally (svelte)
[36m	let internalValue: number[] = $state(
		Array.isArray(value) ? [...value] : Array.isArray([35mdefaultValue[36m) ? [...defaultValue] : [min]
	);[39m

c:\Users\ddtamn\Documents\DDT\SOFTWARE DEVELOP\svelte-audio-ui\[32msrc\lib\registry\ui\audio\elements\slider\slider.svelte[39m:48:73
[33mWarn[39m: This reference only captures the initial value of `defaultValue`. Did you mean to reference it inside a derived instead?
https://svelte.dev/e/state_referenced_locally (svelte)
[36m	let internalValue: number[] = $state(
		Array.isArray(value) ? [...value] : Array.isArray(defaultValue) ? [...[35mdefaultValue[36m] : [min]
	);[39m

c:\Users\ddtamn\Documents\DDT\SOFTWARE DEVELOP\svelte-audio-ui\[32msrc\lib\registry\ui\audio\elements\slider\slider.svelte[39m:48:90
[33mWarn[39m: This reference only captures the initial value of `min`. Did you mean to reference it inside a derived instead?
https://svelte.dev/e/state_referenced_locally (svelte)
[36m	let internalValue: number[] = $state(
		Array.isArray(value) ? [...value] : Array.isArray(defaultValue) ? [...defaultValue] : [[35mmin[36m]
	);[39m

c:\Users\ddtamn\Documents\DDT\SOFTWARE DEVELOP\svelte-audio-ui\[32msrc\lib\registry\ui\audio\elements\sortable-list\sortable-item.svelte[39m:17:3
[33mWarn[39m: This reference only captures the initial value of `id`. Did you mean to reference it inside a closure instead?
https://svelte.dev/e/state_referenced_locally (svelte)
[36m	const sortable = createSortable({
		[35mid[36m,
	});[39m

c:\Users\ddtamn\Documents\DDT\SOFTWARE DEVELOP\svelte-audio-ui\[32msrc\lib\registry\ui\audio\elements\sortable-list\sortable-item.svelte[39m:16:34
[31mError[39m: Argument of type '{ id: string | number; }' is not assignable to parameter of type 'CreateSortableInput<Data>'.
  Property 'index' is missing in type '{ id: string | number; }' but required in type 'CreateSortableInput<Data>'. (ts)
[36m
	const sortable = createSortable([35m{
		id,
	}[36m);[39m

c:\Users\ddtamn\Documents\DDT\SOFTWARE DEVELOP\svelte-audio-ui\[32msrc\lib\registry\ui\audio\elements\sortable-list\sortable-item.svelte[39m:25:6
[31mError[39m: Argument of type '() => void' is not assignable to parameter of type '__sveltets_2_SvelteActionReturnType'. (ts)
[36m<div
	use:[35msortable.attach[36m
	class={cn([39m

c:\Users\ddtamn\Documents\DDT\SOFTWARE DEVELOP\svelte-audio-ui\[32msrc\lib\registry\ui\audio\elements\xypad\xypad.svelte[39m:87:41
[33mWarn[39m: This reference only captures the initial value of `computedDefault`. Did you mean to reference it inside a derived instead?
https://svelte.dev/e/state_referenced_locally (svelte)
[36m	// ΓöÇΓöÇ Controlled / uncontrolled state ΓöÇΓöÇΓöÇΓöÇΓöÇΓöÇΓöÇΓöÇΓöÇΓöÇΓöÇΓöÇΓöÇΓöÇΓöÇΓöÇΓöÇΓöÇΓöÇΓöÇΓöÇΓöÇΓöÇΓöÇΓöÇΓöÇΓöÇΓöÇΓöÇΓöÇΓöÇΓöÇΓöÇΓöÇΓöÇΓöÇΓöÇΓöÇΓöÇΓöÇΓöÇ
	let internalValue: Point = $state({ ...[35mcomputedDefault[36m });[39m

c:\Users\ddtamn\Documents\DDT\SOFTWARE DEVELOP\svelte-audio-ui\[32msrc\lib\registry\ui\audio\playback-speed\playback-speed.svelte[39m:67:11
[31mError[39m: Type 'string' is not assignable to type '"default" | "sm" | "lg" | "icon" | "icon-sm" | "icon-lg" | undefined'. (ts)
[36m									disabled
									{[35msize[36m}
									{variant}[39m

c:\Users\ddtamn\Documents\DDT\SOFTWARE DEVELOP\svelte-audio-ui\[32msrc\lib\registry\ui\audio\playback-speed\playback-speed.svelte[39m:68:11
[31mError[39m: Type 'string' is not assignable to type '"default" | "link" | "destructive" | "outline" | "secondary" | "ghost" | undefined'. (ts)
[36m									{size}
									{[35mvariant[36m}
									{...rest}[39m

c:\Users\ddtamn\Documents\DDT\SOFTWARE DEVELOP\svelte-audio-ui\[32msrc\lib\registry\ui\audio\playback-speed\playback-speed.svelte[39m:79:10
[31mError[39m: Type 'string' is not assignable to type '"default" | "sm" | "lg" | "icon" | "icon-sm" | "icon-lg" | undefined'. (ts)
[36m								data-slot="audio-playback-speed-button"
								{[35msize[36m}
								{variant}[39m

c:\Users\ddtamn\Documents\DDT\SOFTWARE DEVELOP\svelte-audio-ui\[32msrc\lib\registry\ui\audio\playback-speed\playback-speed.svelte[39m:80:10
[31mError[39m: Type 'string' is not assignable to type '"default" | "link" | "destructive" | "outline" | "secondary" | "ghost" | undefined'. (ts)
[36m								{size}
								{[35mvariant[36m}
								{...dropdownProps}[39m

c:\Users\ddtamn\Documents\DDT\SOFTWARE DEVELOP\svelte-audio-ui\[32msrc\lib\registry\ui\audio\player\audio-player-fast-forward.svelte[39m:47:6
[31mError[39m: Type 'string' is not assignable to type '"default" | "sm" | "lg" | "icon" | "icon-sm" | "icon-lg" | undefined'. (ts)
[36m				disabled={isDisabled()}
				{[35msize[36m}
				{variant}[39m

c:\Users\ddtamn\Documents\DDT\SOFTWARE DEVELOP\svelte-audio-ui\[32msrc\lib\registry\ui\audio\player\audio-player-fast-forward.svelte[39m:48:6
[31mError[39m: Type 'string' is not assignable to type '"default" | "link" | "destructive" | "outline" | "secondary" | "ghost" | undefined'. (ts)
[36m				{size}
				{[35mvariant[36m}
				{...props}[39m

c:\Users\ddtamn\Documents\DDT\SOFTWARE DEVELOP\svelte-audio-ui\[32msrc\lib\registry\ui\audio\player\audio-player-play.svelte[39m:55:6
[31mError[39m: Type 'string' is not assignable to type '"default" | "sm" | "lg" | "icon" | "icon-sm" | "icon-lg" | undefined'. (ts)
[36m				disabled={isDisabled}
				{[35msize[36m}
				{variant}[39m

c:\Users\ddtamn\Documents\DDT\SOFTWARE DEVELOP\svelte-audio-ui\[32msrc\lib\registry\ui\audio\player\audio-player-play.svelte[39m:56:6
[31mError[39m: Type 'string' is not assignable to type '"default" | "link" | "destructive" | "outline" | "secondary" | "ghost" | undefined'. (ts)
[36m				{size}
				{[35mvariant[36m}
				{...props}[39m

c:\Users\ddtamn\Documents\DDT\SOFTWARE DEVELOP\svelte-audio-ui\[32msrc\lib\registry\ui\audio\player\audio-player-rewind.svelte[39m:48:6
[31mError[39m: Type 'string' is not assignable to type '"default" | "sm" | "lg" | "icon" | "icon-sm" | "icon-lg" | undefined'. (ts)
[36m				disabled={isDisabled}
				{[35msize[36m}
				{variant}[39m

c:\Users\ddtamn\Documents\DDT\SOFTWARE DEVELOP\svelte-audio-ui\[32msrc\lib\registry\ui\audio\player\audio-player-rewind.svelte[39m:49:6
[31mError[39m: Type 'string' is not assignable to type '"default" | "link" | "destructive" | "outline" | "secondary" | "ghost" | undefined'. (ts)
[36m				{size}
				{[35mvariant[36m}
				{...props}[39m

c:\Users\ddtamn\Documents\DDT\SOFTWARE DEVELOP\svelte-audio-ui\[32msrc\lib\registry\ui\audio\player\audio-player-skip-back.svelte[39m:37:6
[31mError[39m: Type 'string' is not assignable to type '"default" | "sm" | "lg" | "icon" | "icon-sm" | "icon-lg" | undefined'. (ts)
[36m				disabled={isDisabled}
				{[35msize[36m}
				{variant}[39m

c:\Users\ddtamn\Documents\DDT\SOFTWARE DEVELOP\svelte-audio-ui\[32msrc\lib\registry\ui\audio\player\audio-player-skip-back.svelte[39m:38:6
[31mError[39m: Type 'string' is not assignable to type '"default" | "link" | "destructive" | "outline" | "secondary" | "ghost" | undefined'. (ts)
[36m				{size}
				{[35mvariant[36m}
				{...props}[39m

c:\Users\ddtamn\Documents\DDT\SOFTWARE DEVELOP\svelte-audio-ui\[32msrc\lib\registry\ui\audio\player\audio-player-skip-forward.svelte[39m:39:6
[31mError[39m: Type 'string' is not assignable to type '"default" | "sm" | "lg" | "icon" | "icon-sm" | "icon-lg" | undefined'. (ts)
[36m				disabled={isDisabled}
				{[35msize[36m}
				{variant}[39m

c:\Users\ddtamn\Documents\DDT\SOFTWARE DEVELOP\svelte-audio-ui\[32msrc\lib\registry\ui\audio\player\audio-player-skip-forward.svelte[39m:40:6
[31mError[39m: Type 'string' is not assignable to type '"default" | "link" | "destructive" | "outline" | "secondary" | "ghost" | undefined'. (ts)
[36m				{size}
				{[35mvariant[36m}
				{...props}[39m

c:\Users\ddtamn\Documents\DDT\SOFTWARE DEVELOP\svelte-audio-ui\[32msrc\lib\registry\ui\audio\player\audio-player-volume.svelte[39m:46:9
[31mError[39m: Type 'string' is not assignable to type '"default" | "sm" | "lg" | "icon" | "icon-sm" | "icon-lg" | undefined'. (ts)
[36m							data-slot="audio-volume-button"
							{[35msize[36m}
							{variant}[39m

c:\Users\ddtamn\Documents\DDT\SOFTWARE DEVELOP\svelte-audio-ui\[32msrc\lib\registry\ui\audio\player\audio-player-volume.svelte[39m:47:9
[31mError[39m: Type 'string' is not assignable to type '"default" | "link" | "destructive" | "outline" | "secondary" | "ghost" | undefined'. (ts)
[36m							{size}
							{[35mvariant[36m}
							{...dropdownProps}[39m

c:\Users\ddtamn\Documents\DDT\SOFTWARE DEVELOP\svelte-audio-ui\[32msrc\lib\registry\ui\audio\player\index.ts[39m:28:2
[31mError[39m: Cannot find name 'PlaybackSpeed'. 
[36m	Root as AudioPlayer,
	[35mPlaybackSpeed[36m as AudioPlayerPlaybackSpeed,
	ControlBar as AudioPlayerControlBar,[39m

c:\Users\ddtamn\Documents\DDT\SOFTWARE DEVELOP\svelte-audio-ui\[32msrc\lib\registry\ui\audio\track\sortable-list.svelte[39m:20:39
[33mWarn[39m: This reference only captures the initial value of `items`. Did you mean to reference it inside a derived instead?
https://svelte.dev/e/state_referenced_locally (svelte)
[36m	// We sync it from `items` whenever the source changes, but NOT during active drag.
	let localItems: TItem[] = $state([...[35mitems[36m]);
	let isDragging = $state(false);[39m

c:\Users\ddtamn\Documents\DDT\SOFTWARE DEVELOP\svelte-audio-ui\[32msrc\lib\registry\ui\audio\track\sortable-list.svelte[39m:2:41
[31mError[39m: Cannot find module 'svelte-dnd-action' or its corresponding type declarations. (ts)
[36m<script lang="ts" generics="TItem extends { id: string | number }">
	import { dndzone, type DndEvent } from [35m"svelte-dnd-action"[36m;
	import { setContext } from "svelte";[39m

c:\Users\ddtamn\Documents\DDT\SOFTWARE DEVELOP\svelte-audio-ui\[32msrc\lib\registry\ui\audio\track\audio-track-list.svelte[39m:43:42
[31mError[39m: Argument of type '() => Track[]' is not assignable to parameter of type 'Track[]'. (ts)
[36m	// ΓöÇΓöÇ Filtered tracks ΓöÇΓöÇΓöÇΓöÇΓöÇΓöÇΓöÇΓöÇΓöÇΓöÇΓöÇΓöÇΓöÇΓöÇΓöÇΓöÇΓöÇΓöÇΓöÇΓöÇΓöÇΓöÇΓöÇΓöÇΓöÇΓöÇΓöÇΓöÇΓöÇΓöÇΓöÇΓöÇΓöÇΓöÇΓöÇΓöÇΓöÇΓöÇΓöÇΓöÇΓöÇΓöÇΓöÇΓöÇΓöÇΓöÇΓöÇΓöÇΓöÇΓöÇΓöÇΓöÇΓöÇΓöÇΓöÇΓöÇΓöÇ
	const displayTracks = $derived<Track[]>([35m() => {[36m
		let base: Track[] = externalTracks ?? audioStore.queue;[39m

c:\Users\ddtamn\Documents\DDT\SOFTWARE DEVELOP\svelte-audio-ui\[32msrc\lib\registry\ui\audio\track\audio-track-list.svelte[39m:89:16
[31mError[39m: This expression is not callable.
  Type 'Track[]' has no call signatures. (ts)
[36m		const reorderedTracks = reordered
			.map((r) => [35mdisplayTracks[36m().find((t) => String(t.id) === String(r.id)))
			.filter((t): t is Track => t !== undefined);[39m

c:\Users\ddtamn\Documents\DDT\SOFTWARE DEVELOP\svelte-audio-ui\[32msrc\lib\registry\ui\audio\track\audio-track-list.svelte[39m:89:38
[31mError[39m: Parameter 't' implicitly has an 'any' type. (ts)
[36m		const reorderedTracks = reordered
			.map((r) => displayTracks().find(([35mt[36m) => String(t.id) === String(r.id)))
			.filter((t): t is Track => t !== undefined);[39m

c:\Users\ddtamn\Documents\DDT\SOFTWARE DEVELOP\svelte-audio-ui\[32msrc\lib\registry\ui\audio\track\audio-track-list.svelte[39m:106:6
[31mError[39m: This expression is not callable.
  Type 'Track[]' has no call signatures. (ts)
[36m
{#if [35mdisplayTracks[36m().length === 0}
	<!-- Empty state ΓöÇΓöÇΓöÇΓöÇΓöÇΓöÇΓöÇΓöÇΓöÇΓöÇΓöÇΓöÇΓöÇΓöÇΓöÇΓöÇΓöÇΓöÇΓöÇΓöÇΓöÇΓöÇΓöÇΓöÇΓöÇΓöÇΓöÇΓöÇΓöÇΓöÇΓöÇΓöÇΓöÇΓöÇΓöÇΓöÇΓöÇΓöÇΓöÇΓöÇΓöÇΓöÇΓöÇΓöÇΓöÇΓöÇΓöÇΓöÇΓöÇΓöÇΓöÇΓöÇΓöÇΓöÇΓöÇΓöÇΓöÇΓöÇΓöÇΓöÇ -->[39m

c:\Users\ddtamn\Documents\DDT\SOFTWARE DEVELOP\svelte-audio-ui\[32msrc\lib\registry\ui\audio\track\audio-track-list.svelte[39m:127:11
[31mError[39m: This expression is not callable.
  Type 'Track[]' has no call signatures. (ts)
[36m		<SortableList
			items={[35mdisplayTracks[36m()
				.filter((t) => t.id !== undefined)[39m

c:\Users\ddtamn\Documents\DDT\SOFTWARE DEVELOP\svelte-audio-ui\[32msrc\lib\registry\ui\audio\track\audio-track-list.svelte[39m:128:14
[31mError[39m: Parameter 't' implicitly has an 'any' type. (ts)
[36m			items={displayTracks()
				.filter(([35mt[36m) => t.id !== undefined)
				.map((t) => ({ id: String(t.id), _track: t }))}[39m

c:\Users\ddtamn\Documents\DDT\SOFTWARE DEVELOP\svelte-audio-ui\[32msrc\lib\registry\ui\audio\track\audio-track-list.svelte[39m:129:11
[31mError[39m: Parameter 't' implicitly has an 'any' type. (ts)
[36m				.filter((t) => t.id !== undefined)
				.map(([35mt[36m) => ({ id: String(t.id), _track: t }))}
			onChange={handleReorder}[39m

c:\Users\ddtamn\Documents\DDT\SOFTWARE DEVELOP\svelte-audio-ui\[32msrc\lib\registry\ui\audio\track\audio-track-list.svelte[39m:134:25
[31mError[39m: Property '_track' does not exist on type '{ id: string | number; }'. (ts)
[36m			{#snippet item(row, idx)}
				{@const track = row.[35m_track[36m as Track}
				<AudioTrack[39m

c:\Users\ddtamn\Documents\DDT\SOFTWARE DEVELOP\svelte-audio-ui\[32msrc\lib\registry\ui\audio\track\audio-track-list.svelte[39m:151:11
[31mError[39m: This expression is not callable.
  Type 'Track[]' has no call signatures. (ts)
[36m		<div class={cn("w-full", listClass)}>
			{#each [35mdisplayTracks[36m() as track, idx (track.id)}
				<AudioTrack[39m

c:\Users\ddtamn\Documents\DDT\SOFTWARE DEVELOP\svelte-audio-ui\[32msrc\lib\registry\ui\audio\queue\audio-queue-preferences.svelte[39m:37:7
[31mError[39m: Type 'string' is not assignable to type '"default" | "sm" | "lg" | "icon" | "icon-sm" | "icon-lg" | undefined'. (ts)
[36m					data-slot="audio-queue-preferences-trigger"
					{[35msize[36m}
					{variant}[39m

c:\Users\ddtamn\Documents\DDT\SOFTWARE DEVELOP\svelte-audio-ui\[32msrc\lib\registry\ui\audio\queue\audio-queue-preferences.svelte[39m:38:7
[31mError[39m: Type 'string' is not assignable to type '"default" | "link" | "destructive" | "outline" | "secondary" | "ghost" | undefined'. (ts)
[36m					{size}
					{[35mvariant[36m}
					{...rest}[39m

c:\Users\ddtamn\Documents\DDT\SOFTWARE DEVELOP\svelte-audio-ui\[32msrc\lib\registry\ui\audio\queue\audio-queue-repeat-mode.svelte[39m:35:5
[31mError[39m: Type 'string' is not assignable to type '"default" | "sm" | "lg" | "icon" | "icon-sm" | "icon-lg" | undefined'. (ts)
[36m			onclick={() => audioStore.changeRepeatMode()}
			{[35msize[36m}
			{variant}[39m

c:\Users\ddtamn\Documents\DDT\SOFTWARE DEVELOP\svelte-audio-ui\[32msrc\lib\registry\ui\audio\queue\audio-queue-repeat-mode.svelte[39m:36:5
[31mError[39m: Type 'string' is not assignable to type '"default" | "link" | "destructive" | "outline" | "secondary" | "ghost" | undefined'. (ts)
[36m			{size}
			{[35mvariant[36m}
			{...rest}[39m

c:\Users\ddtamn\Documents\DDT\SOFTWARE DEVELOP\svelte-audio-ui\[32msrc\lib\registry\ui\audio\queue\audio-queue-shuffle.svelte[39m:29:5
[31mError[39m: Type 'string' is not assignable to type '"default" | "link" | "destructive" | "outline" | "secondary" | "ghost" | undefined'. (ts)
[36m		<Button
			{[35mvariant[36m}
			{size}[39m

c:\Users\ddtamn\Documents\DDT\SOFTWARE DEVELOP\svelte-audio-ui\[32msrc\lib\registry\ui\audio\queue\audio-queue-shuffle.svelte[39m:30:5
[31mError[39m: Type 'string' is not assignable to type '"default" | "sm" | "lg" | "icon" | "icon-sm" | "icon-lg" | undefined'. (ts)
[36m			{variant}
			{[35msize[36m}
			aria-label="Shuffle"[39m

c:\Users\ddtamn\Documents\DDT\SOFTWARE DEVELOP\svelte-audio-ui\[32msrc\lib\components\component-code-viewer\component-code-viewer-code-title.svelte[39m:8:52
[31mError[39m: Parameter 'f' implicitly has an 'any' type. (ts)
[36m	const ctx = ComponentCodeViewerContext.get();
	const file = $derived(ctx.highlightedFiles?.find(([35mf[36m) => f.target === ctx.activeFile));
	const language = $derived(file?.target?.split(".").pop() ?? "svelte");[39m

c:\Users\ddtamn\Documents\DDT\SOFTWARE DEVELOP\svelte-audio-ui\[32msrc\lib\components\component-code-viewer\component-code-viewer-tree.svelte[39m:63:32
[31mError[39m: Type '{ name: string; path?: string | undefined; children?: unknown[] | undefined; }' is not assignable to type '{ name: string; path?: string | undefined; children?: { name: string; path?: string | undefined; children?: unknown[] | undefined; }[] | undefined; }'.
  Types of property 'children' are incompatible.
    Type 'unknown[] | undefined' is not assignable to type '{ name: string; path?: string | undefined; children?: unknown[] | undefined; }[] | undefined'.
      Type 'unknown[]' is not assignable to type '{ name: string; path?: string | undefined; children?: unknown[] | undefined; }[]'.
        Type 'unknown' is not assignable to type '{ name: string; path?: string | undefined; children?: unknown[] | undefined; }'. (ts)
[36m					{#each item.children as subItem, key (key)}
						<ComponentCodeViewerTree [35mitem[36m={subItem} index={index + 1} />
					{/each}[39m

c:\Users\ddtamn\Documents\DDT\SOFTWARE DEVELOP\svelte-audio-ui\[32msrc\lib\components\component-code-viewer\component-code-viewer-code.svelte[39m:7:51
[31mError[39m: Parameter 'f' implicitly has an 'any' type. (ts)
[36m	const ctx = ComponentCodeViewerContext.get();
	const file = $derived(ctx.highlightedFiles.find(([35mf[36m) => f.target === ctx.activeFile));
	const showFileTree = $derived(ctx.allowSidebar !== false);[39m

c:\Users\ddtamn\Documents\DDT\SOFTWARE DEVELOP\svelte-audio-ui\[32msrc\lib\components\component-code-viewer\component-code-viewer.svelte[39m:11:40
[31mError[39m: Cannot find module '../../../routes/api/block/[block]/+server.js' or its corresponding type declarations. (ts)
[36m	import { badgeVariants } from "$lib/components/ui/badge/badge.svelte";
	import type { HighlightedBlock } from [35m"../../../routes/api/block/[block]/+server.js"[36m;[39m

c:\Users\ddtamn\Documents\DDT\SOFTWARE DEVELOP\svelte-audio-ui\[32msrc\lib\components\component-code-viewer\component-code-viewer.svelte[39m:14:40
[31mError[39m: Cannot find name 'RegistryItemFile'. (ts)
[36m	export function createFileTreeForRegistryItemFiles(
		files: Array<{ target: string; type: [35mRegistryItemFile[36m["type"] }> | undefined
	): FileTree[] {[39m

c:\Users\ddtamn\Documents\DDT\SOFTWARE DEVELOP\svelte-audio-ui\[32msrc\lib\components\component-code-viewer\component-code-viewer.svelte[39m:15:5
[31mError[39m: Cannot find name 'FileTree'. (ts)
[36m		files: Array<{ target: string; type: RegistryItemFile["type"] }> | undefined
	): [35mFileTree[36m[] {
		if (!files || !Array.isArray(files)) {[39m

c:\Users\ddtamn\Documents\DDT\SOFTWARE DEVELOP\svelte-audio-ui\[32msrc\lib\components\component-code-viewer\component-code-viewer.svelte[39m:20:15
[31mError[39m: Cannot find name 'FileTree'. (ts)
[36m
		const root: [35mFileTree[36m[] = [];[39m

c:\Users\ddtamn\Documents\DDT\SOFTWARE DEVELOP\svelte-audio-ui\[32msrc\lib\components\component-code-viewer\component-code-viewer.svelte[39m:39:21
[31mError[39m: Cannot find name 'FileTree'. (ts)
[36m				} else {
					const newNode: [35mFileTree[36m = isFile
						? { name: part, path }[39m

c:\Users\ddtamn\Documents\DDT\SOFTWARE DEVELOP\svelte-audio-ui\[32msrc\lib\components\component-source.svelte[39m:48:59
[31mError[39m: Argument of type 'HighlightedFile[]' is not assignable to parameter of type '{ target: string; type: []; }[]'.
  Type 'HighlightedFile' is not assignable to type '{ target: string; type: []; }'.
    Types of property 'type' are incompatible.
      Type 'string' is not assignable to type '[]'.
        Type 'string' is not assignable to type '[]'. (ts)
[36m
	const tree = $derived(createFileTreeForRegistryItemFiles([35mitem.files[36m));
	const highlightedFiles = $derived(item.files);[39m

c:\Users\ddtamn\Documents\DDT\SOFTWARE DEVELOP\svelte-audio-ui\[32msrc\lib\components\metadata.svelte[39m:58:34
[31mError[39m: Type 'number' is not assignable to type 'string'. (ts)
[36m	<meta property="og:image:alt" content={title} />
	<meta property="og:image:width" [35mcontent[36m={ogWidth} />
	<meta property="og:image:height" content={ogHeight} />[39m

c:\Users\ddtamn\Documents\DDT\SOFTWARE DEVELOP\svelte-audio-ui\[32msrc\lib\components\metadata.svelte[39m:59:35
[31mError[39m: Type 'number' is not assignable to type 'string'. (ts)
[36m	<meta property="og:image:width" content={ogWidth} />
	<meta property="og:image:height" [35mcontent[36m={ogHeight} />
	<meta property="og:description" content={description} />[39m

c:\Users\ddtamn\Documents\DDT\SOFTWARE DEVELOP\svelte-audio-ui\[32msrc\lib\components\search.svelte[39m:14:40
[31mError[39m: Cannot find module '$lib/data/sidebar-component-data.generated' or its corresponding type declarations. (ts)
[36m  }
  import { SidebarComponentData } from [35m"$lib/data/sidebar-component-data.generated"[36m;[39m

c:\Users\ddtamn\Documents\DDT\SOFTWARE DEVELOP\svelte-audio-ui\[32msrc\lib\components\search.svelte[39m:20:57
[31mError[39m: Parameter 'item' implicitly has an 'any' type. (ts)
[36m  ];
  const components = SidebarComponentData[0].items.map(([35mitem[36m) => ({
    title: item.title,[39m

c:\Users\ddtamn\Documents\DDT\SOFTWARE DEVELOP\svelte-audio-ui\[32msrc\lib\components\search.svelte[39m:25:54
[31mError[39m: Parameter 'item' implicitly has an 'any' type. (ts)
[36m
  const buttons = SidebarComponentData[1].items.map(([35mitem[36m) => ({
    title: item.title,[39m

c:\Users\ddtamn\Documents\DDT\SOFTWARE DEVELOP\svelte-audio-ui\[32msrc\lib\components\search.svelte[39m:30:61
[31mError[39m: Parameter 'item' implicitly has an 'any' type. (ts)
[36m
  const textAnimations = SidebarComponentData[2].items.map(([35mitem[36m) => ({
    title: item.title,[39m

c:\Users\ddtamn\Documents\DDT\SOFTWARE DEVELOP\svelte-audio-ui\[32msrc\lib\components\site-header.svelte[39m:39:9
[31mError[39m: Object literal may only specify known properties, and '"strokelinecap"' does not exist in type 'HTMLProps<"svg", SVGAttributes<any>>'. (ts)
[36m								stroke="currentColor"
								[35mstrokeLinecap[36m="round"
								strokeLinejoin="round"[39m

c:\Users\ddtamn\Documents\DDT\SOFTWARE DEVELOP\svelte-audio-ui\[32msrc\routes\+layout.svelte[39m:13:58
[33mWarn[39m: This reference only captures the initial value of `data`. Did you mean to reference it inside a closure instead?
https://svelte.dev/e/state_referenced_locally (svelte)
[36m
	const userConfig = UserConfigContext.set(new UserConfig([35mdata[36m.userConfig));[39m

c:\Users\ddtamn\Documents\DDT\SOFTWARE DEVELOP\svelte-audio-ui\[32msrc\routes\(main)\docs\[...slug]\+page.svelte[39m:23:31
[31mError[39m: Property 'viewerData' does not exist on type '{ sidebarState: boolean; userConfig: { layout: "fixed" | "full"; installationType: "cli" | "manual"; packageManager: "npm" | "yarn" | "pnpm" | "bun"; colorFormat: "class" | "hex" | "rgb" | "hsl" | "oklch" | "var"; activeTheme: "default" | ... 12 more ... | "neutral"; }; component: Component<...>; metadata: { ...; }; }'. (ts)
[36m	const docLink = $derived(doc.links?.doc);
	const source = $derived(data.[35mviewerData[36m);[39m

c:\Users\ddtamn\Documents\DDT\SOFTWARE DEVELOP\svelte-audio-ui\[32msrc\routes\(main)\docs\[...slug]\+page.svelte[39m:146:32
[31mError[39m: Property 'viewerData' does not exist on type '{ sidebarState: boolean; userConfig: { layout: "fixed" | "full"; installationType: "cli" | "manual"; packageManager: "npm" | "yarn" | "pnpm" | "bun"; colorFormat: "class" | "hex" | "rgb" | "hsl" | "oklch" | "var"; activeTheme: "default" | ... 12 more ... | "neutral"; }; component: Component<...>; metadata: { ...; }; }'. (ts)
[36m			<div class="w-full flex-1 *:data-[slot=alert]:first:mt-0">
				<Markdown viewerData={data.[35mviewerData[36m} />
			</div>[39m

====================================
[31msvelte-check found 53 errors and 24 warnings in 27 files
[39m
